/nfs/dust/cms/user/cardinia/HtoTauTau/HiggsCP/CMSSW_9_4_9/src/DesyTauAnalyses/NTupleMaker/test/mutau/GluGluHToTauTau_M125_13TeV_powheg_pythia8_files
Number of single lepton trigger legs = 2
Number of X trigger legs (lep leg)   = 2
Number of X trigger legs (tau leg)   = 2
Number of ditau trigger legs         = 0
dxyLeptonCut 0.045
dzLeptonCut 0.2
/nfs/dust/cms/user/tlenz/13TeV/2017/NTuples/MC/htt_signal_htxs_2017/GluGluHToTauTau_M125_13TeV_powheg_pythia8_ext1/GluGluHToTauTau_M125_13TeV_powheg_pythia8_ext1_98.root
/nfs/dust/cms/user/tlenz/13TeV/2017/NTuples/MC/htt_signal_htxs_2017/GluGluHToTauTau_M125_13TeV_powheg_pythia8_ext1/GluGluHToTauTau_M125_13TeV_powheg_pythia8_ext1_99.root
Histogram GluGluHToTauTau_M125_13TeV_powheg_pythia8_pileup is not present in pileup file
