/nfs/dust/cms/user/cardinia/HtoTauTau/HiggsCP/CMSSW_9_4_9/src/DesyTauAnalyses/NTupleMaker/test/mutau/GluGluHToTauTau_M125_13TeV_powheg_pythia8_files
Number of single lepton trigger legs = 2
Number of X trigger legs (lep leg)   = 2
Number of X trigger legs (tau leg)   = 2
Number of ditau trigger legs         = 0
dxyLeptonCut 0.045
dzLeptonCut 0.2
/nfs/dust/cms/user/tlenz/13TeV/2017/NTuples/MC/htt_signal_htxs_2017/GluGluHToTauTau_M125_13TeV_powheg_pythia8_ext1/GluGluHToTauTau_M125_13TeV_powheg_pythia8_ext1_167.root
/nfs/dust/cms/user/tlenz/13TeV/2017/NTuples/MC/htt_signal_htxs_2017/GluGluHToTauTau_M125_13TeV_powheg_pythia8_ext1/GluGluHToTauTau_M125_13TeV_powheg_pythia8_ext1_168.root
/nfs/dust/cms/user/tlenz/13TeV/2017/NTuples/MC/htt_signal_htxs_2017/GluGluHToTauTau_M125_13TeV_powheg_pythia8_ext1/GluGluHToTauTau_M125_13TeV_powheg_pythia8_ext1_169.root
/nfs/dust/cms/user/tlenz/13TeV/2017/NTuples/MC/htt_signal_htxs_2017/GluGluHToTauTau_M125_13TeV_powheg_pythia8_ext1/GluGluHToTauTau_M125_13TeV_powheg_pythia8_ext1_170.root
/nfs/dust/cms/user/tlenz/13TeV/2017/NTuples/MC/htt_signal_htxs_2017/GluGluHToTauTau_M125_13TeV_powheg_pythia8_ext1/GluGluHToTauTau_M125_13TeV_powheg_pythia8_ext1_171.root
/nfs/dust/cms/user/tlenz/13TeV/2017/NTuples/MC/htt_signal_htxs_2017/GluGluHToTauTau_M125_13TeV_powheg_pythia8_ext1/GluGluHToTauTau_M125_13TeV_powheg_pythia8_ext1_172.root
/nfs/dust/cms/user/tlenz/13TeV/2017/NTuples/MC/htt_signal_htxs_2017/GluGluHToTauTau_M125_13TeV_powheg_pythia8_ext1/GluGluHToTauTau_M125_13TeV_powheg_pythia8_ext1_173.root
/nfs/dust/cms/user/tlenz/13TeV/2017/NTuples/MC/htt_signal_htxs_2017/GluGluHToTauTau_M125_13TeV_powheg_pythia8_ext1/GluGluHToTauTau_M125_13TeV_powheg_pythia8_ext1_174.root
/nfs/dust/cms/user/tlenz/13TeV/2017/NTuples/MC/htt_signal_htxs_2017/GluGluHToTauTau_M125_13TeV_powheg_pythia8_ext1/GluGluHToTauTau_M125_13TeV_powheg_pythia8_ext1_175.root
/nfs/dust/cms/user/tlenz/13TeV/2017/NTuples/MC/htt_signal_htxs_2017/GluGluHToTauTau_M125_13TeV_powheg_pythia8_ext1/GluGluHToTauTau_M125_13TeV_powheg_pythia8_ext1_176.root
/nfs/dust/cms/user/tlenz/13TeV/2017/NTuples/MC/htt_signal_htxs_2017/GluGluHToTauTau_M125_13TeV_powheg_pythia8_ext1/GluGluHToTauTau_M125_13TeV_powheg_pythia8_ext1_2.root
/nfs/dust/cms/user/tlenz/13TeV/2017/NTuples/MC/htt_signal_htxs_2017/GluGluHToTauTau_M125_13TeV_powheg_pythia8_ext1/GluGluHToTauTau_M125_13TeV_powheg_pythia8_ext1_23.root
/nfs/dust/cms/user/tlenz/13TeV/2017/NTuples/MC/htt_signal_htxs_2017/GluGluHToTauTau_M125_13TeV_powheg_pythia8_ext1/GluGluHToTauTau_M125_13TeV_powheg_pythia8_ext1_3.root
/nfs/dust/cms/user/tlenz/13TeV/2017/NTuples/MC/htt_signal_htxs_2017/GluGluHToTauTau_M125_13TeV_powheg_pythia8_ext1/GluGluHToTauTau_M125_13TeV_powheg_pythia8_ext1_4.root
/nfs/dust/cms/user/tlenz/13TeV/2017/NTuples/MC/htt_signal_htxs_2017/GluGluHToTauTau_M125_13TeV_powheg_pythia8_ext1/GluGluHToTauTau_M125_13TeV_powheg_pythia8_ext1_48.root
/nfs/dust/cms/user/tlenz/13TeV/2017/NTuples/MC/htt_signal_htxs_2017/GluGluHToTauTau_M125_13TeV_powheg_pythia8_ext1/GluGluHToTauTau_M125_13TeV_powheg_pythia8_ext1_49.root
/nfs/dust/cms/user/tlenz/13TeV/2017/NTuples/MC/htt_signal_htxs_2017/GluGluHToTauTau_M125_13TeV_powheg_pythia8_ext1/GluGluHToTauTau_M125_13TeV_powheg_pythia8_ext1_5.root
/nfs/dust/cms/user/tlenz/13TeV/2017/NTuples/MC/htt_signal_htxs_2017/GluGluHToTauTau_M125_13TeV_powheg_pythia8_ext1/GluGluHToTauTau_M125_13TeV_powheg_pythia8_ext1_52.root
/nfs/dust/cms/user/tlenz/13TeV/2017/NTuples/MC/htt_signal_htxs_2017/GluGluHToTauTau_M125_13TeV_powheg_pythia8_ext1/GluGluHToTauTau_M125_13TeV_powheg_pythia8_ext1_53.root
/nfs/dust/cms/user/tlenz/13TeV/2017/NTuples/MC/htt_signal_htxs_2017/GluGluHToTauTau_M125_13TeV_powheg_pythia8_ext1/GluGluHToTauTau_M125_13TeV_powheg_pythia8_ext1_54.root
Histogram GluGluHToTauTau_M125_13TeV_powheg_pythia8_pileup is not present in pileup file
