/nfs/dust/cms/user/cardinia/HtoTauTau/HiggsCP/CMSSW_9_4_9/src/DesyTauAnalyses/NTupleMaker/test/mutau/GluGluHToTauTau_M125_13TeV_powheg_pythia8_files
Number of single lepton trigger legs = 2
Number of X trigger legs (lep leg)   = 2
Number of X trigger legs (tau leg)   = 2
Number of ditau trigger legs         = 0
dxyLeptonCut 0.045
dzLeptonCut 0.2
/nfs/dust/cms/user/tlenz/13TeV/2017/NTuples/MC/htt_signal_htxs_2017/GluGluHToTauTau_M125_13TeV_powheg_pythia8/GluGluHToTauTau_M125_13TeV_powheg_pythia8_12.root
/nfs/dust/cms/user/tlenz/13TeV/2017/NTuples/MC/htt_signal_htxs_2017/GluGluHToTauTau_M125_13TeV_powheg_pythia8/GluGluHToTauTau_M125_13TeV_powheg_pythia8_13.root
/nfs/dust/cms/user/tlenz/13TeV/2017/NTuples/MC/htt_signal_htxs_2017/GluGluHToTauTau_M125_13TeV_powheg_pythia8/GluGluHToTauTau_M125_13TeV_powheg_pythia8_14.root
/nfs/dust/cms/user/tlenz/13TeV/2017/NTuples/MC/htt_signal_htxs_2017/GluGluHToTauTau_M125_13TeV_powheg_pythia8/GluGluHToTauTau_M125_13TeV_powheg_pythia8_15.root
/nfs/dust/cms/user/tlenz/13TeV/2017/NTuples/MC/htt_signal_htxs_2017/GluGluHToTauTau_M125_13TeV_powheg_pythia8/GluGluHToTauTau_M125_13TeV_powheg_pythia8_16.root
/nfs/dust/cms/user/tlenz/13TeV/2017/NTuples/MC/htt_signal_htxs_2017/GluGluHToTauTau_M125_13TeV_powheg_pythia8/GluGluHToTauTau_M125_13TeV_powheg_pythia8_17.root
/nfs/dust/cms/user/tlenz/13TeV/2017/NTuples/MC/htt_signal_htxs_2017/GluGluHToTauTau_M125_13TeV_powheg_pythia8/GluGluHToTauTau_M125_13TeV_powheg_pythia8_18.root
/nfs/dust/cms/user/tlenz/13TeV/2017/NTuples/MC/htt_signal_htxs_2017/GluGluHToTauTau_M125_13TeV_powheg_pythia8/GluGluHToTauTau_M125_13TeV_powheg_pythia8_19.root
/nfs/dust/cms/user/tlenz/13TeV/2017/NTuples/MC/htt_signal_htxs_2017/GluGluHToTauTau_M125_13TeV_powheg_pythia8/GluGluHToTauTau_M125_13TeV_powheg_pythia8_20.root
/nfs/dust/cms/user/tlenz/13TeV/2017/NTuples/MC/htt_signal_htxs_2017/GluGluHToTauTau_M125_13TeV_powheg_pythia8/GluGluHToTauTau_M125_13TeV_powheg_pythia8_21.root
/nfs/dust/cms/user/tlenz/13TeV/2017/NTuples/MC/htt_signal_htxs_2017/GluGluHToTauTau_M125_13TeV_powheg_pythia8/GluGluHToTauTau_M125_13TeV_powheg_pythia8_24.root
/nfs/dust/cms/user/tlenz/13TeV/2017/NTuples/MC/htt_signal_htxs_2017/GluGluHToTauTau_M125_13TeV_powheg_pythia8/GluGluHToTauTau_M125_13TeV_powheg_pythia8_25.root
/nfs/dust/cms/user/tlenz/13TeV/2017/NTuples/MC/htt_signal_htxs_2017/GluGluHToTauTau_M125_13TeV_powheg_pythia8/GluGluHToTauTau_M125_13TeV_powheg_pythia8_26.root
/nfs/dust/cms/user/tlenz/13TeV/2017/NTuples/MC/htt_signal_htxs_2017/GluGluHToTauTau_M125_13TeV_powheg_pythia8/GluGluHToTauTau_M125_13TeV_powheg_pythia8_27.root
/nfs/dust/cms/user/tlenz/13TeV/2017/NTuples/MC/htt_signal_htxs_2017/GluGluHToTauTau_M125_13TeV_powheg_pythia8/GluGluHToTauTau_M125_13TeV_powheg_pythia8_28.root
/nfs/dust/cms/user/tlenz/13TeV/2017/NTuples/MC/htt_signal_htxs_2017/GluGluHToTauTau_M125_13TeV_powheg_pythia8/GluGluHToTauTau_M125_13TeV_powheg_pythia8_29.root
/nfs/dust/cms/user/tlenz/13TeV/2017/NTuples/MC/htt_signal_htxs_2017/GluGluHToTauTau_M125_13TeV_powheg_pythia8/GluGluHToTauTau_M125_13TeV_powheg_pythia8_30.root
/nfs/dust/cms/user/tlenz/13TeV/2017/NTuples/MC/htt_signal_htxs_2017/GluGluHToTauTau_M125_13TeV_powheg_pythia8/GluGluHToTauTau_M125_13TeV_powheg_pythia8_31.root
/nfs/dust/cms/user/tlenz/13TeV/2017/NTuples/MC/htt_signal_htxs_2017/GluGluHToTauTau_M125_13TeV_powheg_pythia8/GluGluHToTauTau_M125_13TeV_powheg_pythia8_32.root
/nfs/dust/cms/user/tlenz/13TeV/2017/NTuples/MC/htt_signal_htxs_2017/GluGluHToTauTau_M125_13TeV_powheg_pythia8/GluGluHToTauTau_M125_13TeV_powheg_pythia8_33.root
Histogram GluGluHToTauTau_M125_13TeV_powheg_pythia8_pileup is not present in pileup file
